------------------------------------------------------------
TimeQuest Timing Analyzer Summary
------------------------------------------------------------

Type  : Slow 1200mV 85C Model Setup 'SysClk'
Slack : -12.145
TNS   : -2767.146

Type  : Slow 1200mV 85C Model Setup 'PLD_CLOCKINPUT[1]'
Slack : -0.527
TNS   : -0.683

Type  : Slow 1200mV 85C Model Hold 'PLD_CLOCKINPUT[1]'
Slack : -0.275
TNS   : -0.275

Type  : Slow 1200mV 85C Model Hold 'SysClk'
Slack : 0.330
TNS   : 0.000

Type  : Slow 1200mV 85C Model Recovery 'SysClk'
Slack : -0.875
TNS   : -42.580

Type  : Slow 1200mV 85C Model Removal 'SysClk'
Slack : 0.708
TNS   : 0.000

Type  : Slow 1200mV 85C Model Minimum Pulse Width 'PLD_CLOCKINPUT[1]'
Slack : -3.000
TNS   : -7.000

Type  : Slow 1200mV 85C Model Minimum Pulse Width 'SysClk'
Slack : -2.174
TNS   : -420.870

Type  : Slow 1200mV 0C Model Setup 'SysClk'
Slack : -10.901
TNS   : -2458.641

Type  : Slow 1200mV 0C Model Setup 'PLD_CLOCKINPUT[1]'
Slack : -0.372
TNS   : -0.372

Type  : Slow 1200mV 0C Model Hold 'PLD_CLOCKINPUT[1]'
Slack : -0.184
TNS   : -0.184

Type  : Slow 1200mV 0C Model Hold 'SysClk'
Slack : 0.289
TNS   : 0.000

Type  : Slow 1200mV 0C Model Recovery 'SysClk'
Slack : -0.672
TNS   : -30.859

Type  : Slow 1200mV 0C Model Removal 'SysClk'
Slack : 0.636
TNS   : 0.000

Type  : Slow 1200mV 0C Model Minimum Pulse Width 'PLD_CLOCKINPUT[1]'
Slack : -3.000
TNS   : -7.000

Type  : Slow 1200mV 0C Model Minimum Pulse Width 'SysClk'
Slack : -2.174
TNS   : -420.870

Type  : Fast 1200mV 0C Model Setup 'SysClk'
Slack : -6.561
TNS   : -1457.563

Type  : Fast 1200mV 0C Model Setup 'PLD_CLOCKINPUT[1]'
Slack : 0.147
TNS   : 0.000

Type  : Fast 1200mV 0C Model Hold 'PLD_CLOCKINPUT[1]'
Slack : -0.300
TNS   : -0.300

Type  : Fast 1200mV 0C Model Hold 'SysClk'
Slack : 0.168
TNS   : 0.000

Type  : Fast 1200mV 0C Model Recovery 'SysClk'
Slack : -0.091
TNS   : -2.912

Type  : Fast 1200mV 0C Model Removal 'SysClk'
Slack : 0.384
TNS   : 0.000

Type  : Fast 1200mV 0C Model Minimum Pulse Width 'PLD_CLOCKINPUT[1]'
Slack : -3.000
TNS   : -7.056

Type  : Fast 1200mV 0C Model Minimum Pulse Width 'SysClk'
Slack : -1.000
TNS   : -415.000

------------------------------------------------------------
